[2026-09-03T17:32:34.609+0800][gc,init] CardTable entry size: 512
[2026-09-03T17:32:34.609+0800][gc     ] Using G1
[2026-09-03T17:32:34.611+0800][gc,init] Version: 21.0.7+8-LTS-245 (release)
[2026-09-03T17:32:34.611+0800][gc,init] CPUs: 10 total, 10 available
[2026-09-03T17:32:34.611+0800][gc,init] Memory: 65536M
[2026-09-03T17:32:34.611+0800][gc,init] Large Page Support: Disabled
[2026-09-03T17:32:34.611+0800][gc,init] NUMA Support: Disabled
[2026-09-03T17:32:34.611+0800][gc,init] Compressed Oops: Enabled (Zero based)
[2026-09-03T17:32:34.611+0800][gc,init] Heap Region Size: 1M
[2026-09-03T17:32:34.611+0800][gc,init] Heap Min Capacity: 1G
[2026-09-03T17:32:34.611+0800][gc,init] Heap Initial Capacity: 1G
[2026-09-03T17:32:34.611+0800][gc,init] Heap Max Capacity: 1G
[2026-09-03T17:32:34.611+0800][gc,init] Pre-touch: Disabled
[2026-09-03T17:32:34.611+0800][gc,init] Parallel Workers: 9
[2026-09-03T17:32:34.611+0800][gc,init] Concurrent Workers: 2
[2026-09-03T17:32:34.611+0800][gc,init] Concurrent Refinement Workers: 9
[2026-09-03T17:32:34.611+0800][gc,init] Periodic GC: Disabled
[2026-09-03T17:32:34.615+0800][gc,metaspace] CDS archive(s) mapped at: [0x0000000700000000-0x0000000700ca8000-0x0000000700ca8000), size 13271040, SharedBaseAddress: 0x0000000700000000, ArchiveRelocationMode: 1.
[2026-09-03T17:32:34.615+0800][gc,metaspace] Compressed class space mapped at: 0x0000000701000000-0x0000000741000000, reserved size: 1073741824
[2026-09-03T17:32:34.615+0800][gc,metaspace] Narrow klass base: 0x0000000700000000, Narrow klass shift: 0, Narrow klass range: 0x100000000
[2026-09-03T17:32:35.228+0800][gc,start    ] GC(0) Pause Young (Normal) (G1 Evacuation Pause)
[2026-09-03T17:32:35.229+0800][gc,task     ] GC(0) Using 9 workers of 9 for evacuation
[2026-09-03T17:32:35.232+0800][gc,phases   ] GC(0)   Pre Evacuate Collection Set: 0.2ms
[2026-09-03T17:32:35.232+0800][gc,phases   ] GC(0)   Merge Heap Roots: 0.1ms
[2026-09-03T17:32:35.232+0800][gc,phases   ] GC(0)   Evacuate Collection Set: 2.7ms
[2026-09-03T17:32:35.232+0800][gc,phases   ] GC(0)   Post Evacuate Collection Set: 0.4ms
[2026-09-03T17:32:35.232+0800][gc,phases   ] GC(0)   Other: 0.4ms
[2026-09-03T17:32:35.232+0800][gc,heap     ] GC(0) Eden regions: 51->0(44)
[2026-09-03T17:32:35.232+0800][gc,heap     ] GC(0) Survivor regions: 0->7(7)
[2026-09-03T17:32:35.232+0800][gc,heap     ] GC(0) Old regions: 2->3
[2026-09-03T17:32:35.232+0800][gc,heap     ] GC(0) Humongous regions: 1->1
[2026-09-03T17:32:35.232+0800][gc,metaspace] GC(0) Metaspace: 15546K(15872K)->15546K(15872K) NonClass: 13833K(14016K)->13833K(14016K) Class: 1713K(1856K)->1713K(1856K)
[2026-09-03T17:32:35.232+0800][gc          ] GC(0) Pause Young (Normal) (G1 Evacuation Pause) 53M->9M(1024M) 4.154ms
[2026-09-03T17:32:35.232+0800][gc,cpu      ] GC(0) User=0.01s Sys=0.01s Real=0.01s
[2026-09-03T17:32:35.369+0800][gc,start    ] GC(1) Pause Young (Concurrent Start) (Metadata GC Threshold)
[2026-09-03T17:32:35.369+0800][gc,task     ] GC(1) Using 9 workers of 9 for evacuation
[2026-09-03T17:32:35.372+0800][gc,phases   ] GC(1)   Pre Evacuate Collection Set: 0.2ms
[2026-09-03T17:32:35.372+0800][gc,phases   ] GC(1)   Merge Heap Roots: 0.0ms
[2026-09-03T17:32:35.372+0800][gc,phases   ] GC(1)   Evacuate Collection Set: 2.2ms
[2026-09-03T17:32:35.372+0800][gc,phases   ] GC(1)   Post Evacuate Collection Set: 0.2ms
[2026-09-03T17:32:35.372+0800][gc,phases   ] GC(1)   Other: 0.1ms
[2026-09-03T17:32:35.372+0800][gc,heap     ] GC(1) Eden regions: 18->0(49)
[2026-09-03T17:32:35.372+0800][gc,heap     ] GC(1) Survivor regions: 7->2(7)
[2026-09-03T17:32:35.372+0800][gc,heap     ] GC(1) Old regions: 3->10
[2026-09-03T17:32:35.372+0800][gc,heap     ] GC(1) Humongous regions: 1->1
[2026-09-03T17:32:35.372+0800][gc,metaspace] GC(1) Metaspace: 21254K(21504K)->21254K(21504K) NonClass: 18720K(18880K)->18720K(18880K) Class: 2534K(2624K)->2534K(2624K)
[2026-09-03T17:32:35.372+0800][gc          ] GC(1) Pause Young (Concurrent Start) (Metadata GC Threshold) 27M->11M(1024M) 3.038ms
[2026-09-03T17:32:35.372+0800][gc,cpu      ] GC(1) User=0.01s Sys=0.00s Real=0.01s
[2026-09-03T17:32:35.372+0800][gc          ] GC(2) Concurrent Mark Cycle
[2026-09-03T17:32:35.372+0800][gc,marking  ] GC(2) Concurrent Scan Root Regions
[2026-09-03T17:32:35.374+0800][gc,marking  ] GC(2) Concurrent Scan Root Regions 1.437ms
[2026-09-03T17:32:35.374+0800][gc,marking  ] GC(2) Concurrent Mark
[2026-09-03T17:32:35.374+0800][gc,marking  ] GC(2) Concurrent Mark From Roots
[2026-09-03T17:32:35.374+0800][gc,task     ] GC(2) Using 2 workers of 2 for marking
[2026-09-03T17:32:35.375+0800][gc,marking  ] GC(2) Concurrent Mark From Roots 0.774ms
[2026-09-03T17:32:35.375+0800][gc,marking  ] GC(2) Concurrent Preclean
[2026-09-03T17:32:35.375+0800][gc,marking  ] GC(2) Concurrent Preclean 0.014ms
[2026-09-03T17:32:35.375+0800][gc,start    ] GC(2) Pause Remark
[2026-09-03T17:32:35.376+0800][gc          ] GC(2) Pause Remark 12M->12M(1024M) 1.163ms
[2026-09-03T17:32:35.376+0800][gc,cpu      ] GC(2) User=0.00s Sys=0.00s Real=0.00s
[2026-09-03T17:32:35.376+0800][gc,marking  ] GC(2) Concurrent Mark 2.080ms
[2026-09-03T17:32:35.376+0800][gc,marking  ] GC(2) Concurrent Rebuild Remembered Sets and Scrub Regions
[2026-09-03T17:32:35.377+0800][gc,marking  ] GC(2) Concurrent Rebuild Remembered Sets and Scrub Regions 1.191ms
[2026-09-03T17:32:35.377+0800][gc,start    ] GC(2) Pause Cleanup
[2026-09-03T17:32:35.377+0800][gc          ] GC(2) Pause Cleanup 12M->12M(1024M) 0.102ms
[2026-09-03T17:32:35.377+0800][gc,cpu      ] GC(2) User=0.00s Sys=0.00s Real=0.00s
[2026-09-03T17:32:35.378+0800][gc,marking  ] GC(2) Concurrent Clear Claimed Marks
[2026-09-03T17:32:35.378+0800][gc,marking  ] GC(2) Concurrent Clear Claimed Marks 0.026ms
[2026-09-03T17:32:35.378+0800][gc,marking  ] GC(2) Concurrent Cleanup for Next Mark
[2026-09-03T17:32:35.379+0800][gc,marking  ] GC(2) Concurrent Cleanup for Next Mark 1.671ms
[2026-09-03T17:32:35.379+0800][gc          ] GC(2) Concurrent Mark Cycle 6.858ms
[2026-09-03T17:32:35.818+0800][gc,start    ] GC(3) Pause Young (Prepare Mixed) (G1 Evacuation Pause)
[2026-09-03T17:32:35.819+0800][gc,task     ] GC(3) Using 9 workers of 9 for evacuation
[2026-09-03T17:32:35.821+0800][gc,phases   ] GC(3)   Pre Evacuate Collection Set: 0.2ms
[2026-09-03T17:32:35.821+0800][gc,phases   ] GC(3)   Merge Heap Roots: 0.1ms
[2026-09-03T17:32:35.821+0800][gc,phases   ] GC(3)   Evacuate Collection Set: 1.8ms
[2026-09-03T17:32:35.821+0800][gc,phases   ] GC(3)   Post Evacuate Collection Set: 0.3ms
[2026-09-03T17:32:35.821+0800][gc,phases   ] GC(3)   Other: 0.1ms
[2026-09-03T17:32:35.821+0800][gc,heap     ] GC(3) Eden regions: 49->0(45)
[2026-09-03T17:32:35.821+0800][gc,heap     ] GC(3) Survivor regions: 2->6(7)
[2026-09-03T17:32:35.821+0800][gc,heap     ] GC(3) Old regions: 10->10
[2026-09-03T17:32:35.821+0800][gc,heap     ] GC(3) Humongous regions: 1->1
[2026-09-03T17:32:35.821+0800][gc,metaspace] GC(3) Metaspace: 33531K(33920K)->33531K(33920K) NonClass: 29723K(29952K)->29723K(29952K) Class: 3808K(3968K)->3808K(3968K)
[2026-09-03T17:32:35.821+0800][gc          ] GC(3) Pause Young (Prepare Mixed) (G1 Evacuation Pause) 60M->15M(1024M) 3.393ms
[2026-09-03T17:32:35.821+0800][gc,cpu      ] GC(3) User=0.01s Sys=0.00s Real=0.01s
[2026-09-03T17:32:35.897+0800][gc,start    ] GC(4) Pause Young (Mixed) (GCLocker Initiated GC)
[2026-09-03T17:32:35.897+0800][gc,task     ] GC(4) Using 9 workers of 9 for evacuation
[2026-09-03T17:32:35.899+0800][gc,phases   ] GC(4)   Pre Evacuate Collection Set: 0.2ms
[2026-09-03T17:32:35.900+0800][gc,phases   ] GC(4)   Merge Heap Roots: 0.1ms
[2026-09-03T17:32:35.900+0800][gc,phases   ] GC(4)   Evacuate Collection Set: 2.1ms
[2026-09-03T17:32:35.900+0800][gc,phases   ] GC(4)   Post Evacuate Collection Set: 0.3ms
[2026-09-03T17:32:35.900+0800][gc,phases   ] GC(4)   Other: 0.1ms
[2026-09-03T17:32:35.900+0800][gc,heap     ] GC(4) Eden regions: 10->0(49)
[2026-09-03T17:32:35.900+0800][gc,heap     ] GC(4) Survivor regions: 6->2(7)
[2026-09-03T17:32:35.900+0800][gc,heap     ] GC(4) Old regions: 10->15
[2026-09-03T17:32:35.900+0800][gc,heap     ] GC(4) Humongous regions: 10->10
[2026-09-03T17:32:35.900+0800][gc,metaspace] GC(4) Metaspace: 35614K(36160K)->35614K(36160K) NonClass: 31534K(31872K)->31534K(31872K) Class: 4080K(4288K)->4080K(4288K)
[2026-09-03T17:32:35.900+0800][gc          ] GC(4) Pause Young (Mixed) (GCLocker Initiated GC) 34M->26M(1024M) 2.997ms
[2026-09-03T17:32:35.900+0800][gc,cpu      ] GC(4) User=0.01s Sys=0.00s Real=0.01s
[2026-09-03T17:32:35.909+0800][gc,start    ] GC(5) Pause Young (Concurrent Start) (Metadata GC Threshold)
[2026-09-03T17:32:35.909+0800][gc,task     ] GC(5) Using 9 workers of 9 for evacuation
[2026-09-03T17:32:35.910+0800][gc,phases   ] GC(5)   Pre Evacuate Collection Set: 0.2ms
[2026-09-03T17:32:35.910+0800][gc,phases   ] GC(5)   Merge Heap Roots: 0.0ms
[2026-09-03T17:32:35.910+0800][gc,phases   ] GC(5)   Evacuate Collection Set: 0.6ms
[2026-09-03T17:32:35.910+0800][gc,phases   ] GC(5)   Post Evacuate Collection Set: 0.2ms
[2026-09-03T17:32:35.910+0800][gc,phases   ] GC(5)   Other: 0.1ms
[2026-09-03T17:32:35.910+0800][gc,heap     ] GC(5) Eden regions: 2->0(50)
[2026-09-03T17:32:35.910+0800][gc,heap     ] GC(5) Survivor regions: 2->1(7)
[2026-09-03T17:32:35.910+0800][gc,heap     ] GC(5) Old regions: 15->15
[2026-09-03T17:32:35.910+0800][gc,heap     ] GC(5) Humongous regions: 10->10
[2026-09-03T17:32:35.910+0800][gc,metaspace] GC(5) Metaspace: 35899K(36416K)->35899K(36416K) NonClass: 31798K(32128K)->31798K(32128K) Class: 4101K(4288K)->4101K(4288K)
[2026-09-03T17:32:35.910+0800][gc          ] GC(5) Pause Young (Concurrent Start) (Metadata GC Threshold) 27M->25M(1024M) 1.305ms
[2026-09-03T17:32:35.910+0800][gc,cpu      ] GC(5) User=0.00s Sys=0.00s Real=0.01s
[2026-09-03T17:32:35.910+0800][gc          ] GC(6) Concurrent Mark Cycle
[2026-09-03T17:32:35.910+0800][gc,marking  ] GC(6) Concurrent Scan Root Regions
[2026-09-03T17:32:35.911+0800][gc,marking  ] GC(6) Concurrent Scan Root Regions 0.644ms
[2026-09-03T17:32:35.911+0800][gc,marking  ] GC(6) Concurrent Mark
[2026-09-03T17:32:35.911+0800][gc,marking  ] GC(6) Concurrent Mark From Roots
[2026-09-03T17:32:35.911+0800][gc,task     ] GC(6) Using 2 workers of 2 for marking
[2026-09-03T17:32:35.918+0800][gc,marking  ] GC(6) Concurrent Mark From Roots 6.910ms
[2026-09-03T17:32:35.918+0800][gc,marking  ] GC(6) Concurrent Preclean
[2026-09-03T17:32:35.918+0800][gc,marking  ] GC(6) Concurrent Preclean 0.047ms
[2026-09-03T17:32:35.918+0800][gc,start    ] GC(6) Pause Remark
[2026-09-03T17:32:35.920+0800][gc          ] GC(6) Pause Remark 27M->27M(1024M) 1.431ms
[2026-09-03T17:32:35.920+0800][gc,cpu      ] GC(6) User=0.00s Sys=0.00s Real=0.01s
[2026-09-03T17:32:35.920+0800][gc,marking  ] GC(6) Concurrent Mark 8.629ms
[2026-09-03T17:32:35.920+0800][gc,marking  ] GC(6) Concurrent Rebuild Remembered Sets and Scrub Regions
[2026-09-03T17:32:35.922+0800][gc,marking  ] GC(6) Concurrent Rebuild Remembered Sets and Scrub Regions 2.599ms
[2026-09-03T17:32:35.924+0800][gc,start    ] GC(6) Pause Cleanup
[2026-09-03T17:32:35.928+0800][gc          ] GC(6) Pause Cleanup 28M->28M(1024M) 3.952ms
[2026-09-03T17:32:35.928+0800][gc,cpu      ] GC(6) User=0.00s Sys=0.00s Real=0.00s
[2026-09-03T17:32:35.928+0800][gc,marking  ] GC(6) Concurrent Clear Claimed Marks
[2026-09-03T17:32:35.928+0800][gc,marking  ] GC(6) Concurrent Clear Claimed Marks 0.050ms
[2026-09-03T17:32:35.928+0800][gc,marking  ] GC(6) Concurrent Cleanup for Next Mark
[2026-09-03T17:32:35.929+0800][gc,marking  ] GC(6) Concurrent Cleanup for Next Mark 0.867ms
[2026-09-03T17:32:35.929+0800][gc          ] GC(6) Concurrent Mark Cycle 18.436ms
[2026-09-03T17:32:40.683+0800][gc,start    ] GC(7) Pause Young (Prepare Mixed) (G1 Evacuation Pause)
[2026-09-03T17:32:40.683+0800][gc,task     ] GC(7) Using 9 workers of 9 for evacuation
[2026-09-03T17:32:40.687+0800][gc,phases   ] GC(7)   Pre Evacuate Collection Set: 0.2ms
[2026-09-03T17:32:40.687+0800][gc,phases   ] GC(7)   Merge Heap Roots: 0.1ms
[2026-09-03T17:32:40.687+0800][gc,phases   ] GC(7)   Evacuate Collection Set: 3.4ms
[2026-09-03T17:32:40.687+0800][gc,phases   ] GC(7)   Post Evacuate Collection Set: 0.4ms
[2026-09-03T17:32:40.688+0800][gc,phases   ] GC(7)   Other: 0.1ms
[2026-09-03T17:32:40.688+0800][gc,heap     ] GC(7) Eden regions: 50->0(44)
[2026-09-03T17:32:40.688+0800][gc,heap     ] GC(7) Survivor regions: 1->7(7)
[2026-09-03T17:32:40.688+0800][gc,heap     ] GC(7) Old regions: 15->17
[2026-09-03T17:32:40.688+0800][gc,heap     ] GC(7) Humongous regions: 139->139
[2026-09-03T17:32:40.688+0800][gc,metaspace] GC(7) Metaspace: 43075K(43968K)->43075K(43968K) NonClass: 38069K(38592K)->38069K(38592K) Class: 5006K(5376K)->5006K(5376K)
[2026-09-03T17:32:40.688+0800][gc          ] GC(7) Pause Young (Prepare Mixed) (G1 Evacuation Pause) 204M->162M(1024M) 4.445ms
[2026-09-03T17:32:40.688+0800][gc,cpu      ] GC(7) User=0.02s Sys=0.01s Real=0.00s
[2026-09-03T17:43:04.376+0800][gc,start    ] GC(8) Pause Young (Mixed) (G1 Evacuation Pause)
[2026-09-03T17:43:04.376+0800][gc,task     ] GC(8) Using 9 workers of 9 for evacuation
[2026-09-03T17:43:04.382+0800][gc,phases   ] GC(8)   Pre Evacuate Collection Set: 0.5ms
[2026-09-03T17:43:04.382+0800][gc,phases   ] GC(8)   Merge Heap Roots: 0.2ms
[2026-09-03T17:43:04.382+0800][gc,phases   ] GC(8)   Evacuate Collection Set: 4.9ms
[2026-09-03T17:43:04.382+0800][gc,phases   ] GC(8)   Post Evacuate Collection Set: 0.3ms
[2026-09-03T17:43:04.382+0800][gc,phases   ] GC(8)   Other: 0.1ms
[2026-09-03T17:43:04.382+0800][gc,heap     ] GC(8) Eden regions: 44->0(49)
[2026-09-03T17:43:04.382+0800][gc,heap     ] GC(8) Survivor regions: 7->2(7)
[2026-09-03T17:43:04.382+0800][gc,heap     ] GC(8) Old regions: 17->25
[2026-09-03T17:43:04.382+0800][gc,heap     ] GC(8) Humongous regions: 139->139
[2026-09-03T17:43:04.382+0800][gc,metaspace] GC(8) Metaspace: 44997K(45824K)->44997K(45824K) NonClass: 39898K(40384K)->39898K(40384K) Class: 5098K(5440K)->5098K(5440K)
[2026-09-03T17:43:04.382+0800][gc          ] GC(8) Pause Young (Mixed) (G1 Evacuation Pause) 206M->164M(1024M) 6.379ms
[2026-09-03T17:43:04.382+0800][gc,cpu      ] GC(8) User=0.02s Sys=0.00s Real=0.01s
[2026-09-03T17:56:46.874+0800][gc,start    ] GC(9) Pause Young (Normal) (G1 Evacuation Pause)
[2026-09-03T17:56:46.876+0800][gc,task     ] GC(9) Using 9 workers of 9 for evacuation
[2026-09-03T17:56:46.890+0800][gc,phases   ] GC(9)   Pre Evacuate Collection Set: 4.6ms
[2026-09-03T17:56:46.890+0800][gc,phases   ] GC(9)   Merge Heap Roots: 0.4ms
[2026-09-03T17:56:46.890+0800][gc,phases   ] GC(9)   Evacuate Collection Set: 2.5ms
[2026-09-03T17:56:46.890+0800][gc,phases   ] GC(9)   Post Evacuate Collection Set: 0.2ms
[2026-09-03T17:56:46.890+0800][gc,phases   ] GC(9)   Other: 7.8ms
[2026-09-03T17:56:46.890+0800][gc,heap     ] GC(9) Eden regions: 49->0(49)
[2026-09-03T17:56:46.890+0800][gc,heap     ] GC(9) Survivor regions: 2->2(7)
[2026-09-03T17:56:46.890+0800][gc,heap     ] GC(9) Old regions: 25->25
[2026-09-03T17:56:46.890+0800][gc,heap     ] GC(9) Humongous regions: 139->139
[2026-09-03T17:56:46.890+0800][gc,metaspace] GC(9) Metaspace: 45182K(46080K)->45182K(46080K) NonClass: 40084K(40640K)->40084K(40640K) Class: 5098K(5440K)->5098K(5440K)
[2026-09-03T17:56:46.890+0800][gc          ] GC(9) Pause Young (Normal) (G1 Evacuation Pause) 213M->164M(1024M) 15.912ms
[2026-09-03T17:56:46.890+0800][gc,cpu      ] GC(9) User=0.01s Sys=0.00s Real=0.02s
[2026-09-03T18:11:00.710+0800][gc,start    ] GC(10) Pause Young (Normal) (G1 Evacuation Pause)
[2026-09-03T18:11:00.710+0800][gc,task     ] GC(10) Using 9 workers of 9 for evacuation
[2026-09-03T18:11:00.715+0800][gc,phases   ] GC(10)   Pre Evacuate Collection Set: 0.3ms
[2026-09-03T18:11:00.715+0800][gc,phases   ] GC(10)   Merge Heap Roots: 0.1ms
[2026-09-03T18:11:00.715+0800][gc,phases   ] GC(10)   Evacuate Collection Set: 3.9ms
[2026-09-03T18:11:00.715+0800][gc,phases   ] GC(10)   Post Evacuate Collection Set: 0.2ms
[2026-09-03T18:11:00.715+0800][gc,phases   ] GC(10)   Other: 0.1ms
[2026-09-03T18:11:00.715+0800][gc,heap     ] GC(10) Eden regions: 49->0(49)
[2026-09-03T18:11:00.715+0800][gc,heap     ] GC(10) Survivor regions: 2->2(7)
[2026-09-03T18:11:00.715+0800][gc,heap     ] GC(10) Old regions: 25->25
[2026-09-03T18:11:00.715+0800][gc,heap     ] GC(10) Humongous regions: 139->139
[2026-09-03T18:11:00.715+0800][gc,metaspace] GC(10) Metaspace: 45219K(46080K)->45219K(46080K) NonClass: 40121K(40640K)->40121K(40640K) Class: 5098K(5440K)->5098K(5440K)
[2026-09-03T18:11:00.715+0800][gc          ] GC(10) Pause Young (Normal) (G1 Evacuation Pause) 213M->164M(1024M) 5.079ms
[2026-09-03T18:11:00.715+0800][gc,cpu      ] GC(10) User=0.01s Sys=0.00s Real=0.00s
[2026-09-03T18:25:41.294+0800][gc,start    ] GC(11) Pause Young (Normal) (G1 Evacuation Pause)
[2026-09-03T18:25:41.296+0800][gc,task     ] GC(11) Using 9 workers of 9 for evacuation
[2026-09-03T18:25:41.300+0800][gc,phases   ] GC(11)   Pre Evacuate Collection Set: 0.4ms
[2026-09-03T18:25:41.300+0800][gc,phases   ] GC(11)   Merge Heap Roots: 0.1ms
[2026-09-03T18:25:41.300+0800][gc,phases   ] GC(11)   Evacuate Collection Set: 3.4ms
[2026-09-03T18:25:41.300+0800][gc,phases   ] GC(11)   Post Evacuate Collection Set: 0.3ms
[2026-09-03T18:25:41.300+0800][gc,phases   ] GC(11)   Other: 0.1ms
[2026-09-03T18:25:41.300+0800][gc,heap     ] GC(11) Eden regions: 49->0(59)
[2026-09-03T18:25:41.300+0800][gc,heap     ] GC(11) Survivor regions: 2->3(7)
[2026-09-03T18:25:41.300+0800][gc,heap     ] GC(11) Old regions: 25->25
[2026-09-03T18:25:41.301+0800][gc,heap     ] GC(11) Humongous regions: 139->139
[2026-09-03T18:25:41.301+0800][gc,metaspace] GC(11) Metaspace: 45270K(46080K)->45270K(46080K) NonClass: 40172K(40640K)->40172K(40640K) Class: 5098K(5440K)->5098K(5440K)
[2026-09-03T18:25:41.301+0800][gc          ] GC(11) Pause Young (Normal) (G1 Evacuation Pause) 213M->165M(1024M) 6.373ms
[2026-09-03T18:25:41.301+0800][gc,cpu      ] GC(11) User=0.01s Sys=0.00s Real=0.01s
[2026-09-03T18:45:09.539+0800][gc,start    ] GC(12) Pause Young (Normal) (G1 Evacuation Pause)
[2026-09-03T18:45:09.540+0800][gc,task     ] GC(12) Using 9 workers of 9 for evacuation
[2026-09-03T18:45:09.549+0800][gc,phases   ] GC(12)   Pre Evacuate Collection Set: 0.4ms
[2026-09-03T18:45:09.549+0800][gc,phases   ] GC(12)   Merge Heap Roots: 0.1ms
[2026-09-03T18:45:09.549+0800][gc,phases   ] GC(12)   Evacuate Collection Set: 7.6ms
[2026-09-03T18:45:09.549+0800][gc,phases   ] GC(12)   Post Evacuate Collection Set: 1.0ms
[2026-09-03T18:45:09.549+0800][gc,phases   ] GC(12)   Other: 0.1ms
[2026-09-03T18:45:09.549+0800][gc,heap     ] GC(12) Eden regions: 65->0(81)
[2026-09-03T18:45:09.549+0800][gc,heap     ] GC(12) Survivor regions: 3->4(9)
[2026-09-03T18:45:09.549+0800][gc,heap     ] GC(12) Old regions: 25->25
[2026-09-03T18:45:09.549+0800][gc,heap     ] GC(12) Humongous regions: 148->148
[2026-09-03T18:45:09.549+0800][gc,metaspace] GC(12) Metaspace: 45485K(46464K)->45485K(46464K) NonClass: 40364K(40896K)->40364K(40896K) Class: 5120K(5568K)->5120K(5568K)
[2026-09-03T18:45:09.549+0800][gc          ] GC(12) Pause Young (Normal) (G1 Evacuation Pause) 239M->175M(1024M) 9.982ms
[2026-09-03T18:45:09.549+0800][gc,cpu      ] GC(12) User=0.02s Sys=0.00s Real=0.01s
[2026-09-03T18:54:50.603+0800][gc,start    ] GC(13) Pause Young (Normal) (G1 Evacuation Pause)
[2026-09-03T18:54:50.603+0800][gc,task     ] GC(13) Using 9 workers of 9 for evacuation
[2026-09-03T18:54:50.605+0800][gc,phases   ] GC(13)   Pre Evacuate Collection Set: 0.1ms
[2026-09-03T18:54:50.605+0800][gc,phases   ] GC(13)   Merge Heap Roots: 0.1ms
[2026-09-03T18:54:50.605+0800][gc,phases   ] GC(13)   Evacuate Collection Set: 1.8ms
[2026-09-03T18:54:50.605+0800][gc,phases   ] GC(13)   Post Evacuate Collection Set: 0.3ms
[2026-09-03T18:54:50.605+0800][gc,phases   ] GC(13)   Other: 0.0ms
[2026-09-03T18:54:50.605+0800][gc,heap     ] GC(13) Eden regions: 58->0(71)
[2026-09-03T18:54:50.605+0800][gc,heap     ] GC(13) Survivor regions: 4->6(8)
[2026-09-03T18:54:50.605+0800][gc,heap     ] GC(13) Old regions: 25->25
[2026-09-03T18:54:50.605+0800][gc,heap     ] GC(13) Humongous regions: 149->149
[2026-09-03T18:54:50.605+0800][gc,metaspace] GC(13) Metaspace: 48208K(49344K)->48208K(49344K) NonClass: 42652K(43264K)->42652K(43264K) Class: 5555K(6080K)->5555K(6080K)
[2026-09-03T18:54:50.605+0800][gc          ] GC(13) Pause Young (Normal) (G1 Evacuation Pause) 234M->178M(1024M) 2.764ms
[2026-09-03T18:54:50.605+0800][gc,cpu      ] GC(13) User=0.02s Sys=0.00s Real=0.00s
[2026-09-03T21:46:57.880+0800][gc,start    ] GC(14) Pause Young (Normal) (G1 Evacuation Pause)
[2026-09-03T21:46:57.880+0800][gc,task     ] GC(14) Using 9 workers of 9 for evacuation
[2026-09-03T21:46:57.888+0800][gc,phases   ] GC(14)   Pre Evacuate Collection Set: 0.2ms
[2026-09-03T21:46:57.888+0800][gc,phases   ] GC(14)   Merge Heap Roots: 0.1ms
[2026-09-03T21:46:57.888+0800][gc,phases   ] GC(14)   Evacuate Collection Set: 7.6ms
[2026-09-03T21:46:57.888+0800][gc,phases   ] GC(14)   Post Evacuate Collection Set: 0.4ms
[2026-09-03T21:46:57.888+0800][gc,phases   ] GC(14)   Other: 0.1ms
[2026-09-03T21:46:57.888+0800][gc,heap     ] GC(14) Eden regions: 45->0(136)
[2026-09-03T21:46:57.888+0800][gc,heap     ] GC(14) Survivor regions: 6->6(7)
[2026-09-03T21:46:57.888+0800][gc,heap     ] GC(14) Old regions: 25->27
[2026-09-03T21:46:57.888+0800][gc,heap     ] GC(14) Humongous regions: 149->149
[2026-09-03T21:46:57.888+0800][gc,metaspace] GC(14) Metaspace: 49532K(50688K)->49532K(50688K) NonClass: 43825K(44480K)->43825K(44480K) Class: 5706K(6208K)->5706K(6208K)
[2026-09-03T21:46:57.888+0800][gc          ] GC(14) Pause Young (Normal) (G1 Evacuation Pause) 223M->180M(1024M) 8.615ms
[2026-09-03T21:46:57.888+0800][gc,cpu      ] GC(14) User=0.03s Sys=0.01s Real=0.00s
[2026-09-04T03:20:02.000+0800][gc,start    ] GC(15) Pause Young (Normal) (G1 Evacuation Pause)
[2026-09-04T03:20:02.000+0800][gc,task     ] GC(15) Using 9 workers of 9 for evacuation
[2026-09-04T03:20:02.005+0800][gc,phases   ] GC(15)   Pre Evacuate Collection Set: 0.3ms
[2026-09-04T03:20:02.005+0800][gc,phases   ] GC(15)   Merge Heap Roots: 0.1ms
[2026-09-04T03:20:02.005+0800][gc,phases   ] GC(15)   Evacuate Collection Set: 3.5ms
[2026-09-04T03:20:02.005+0800][gc,phases   ] GC(15)   Post Evacuate Collection Set: 0.3ms
[2026-09-04T03:20:02.005+0800][gc,phases   ] GC(15)   Other: 0.0ms
[2026-09-04T03:20:02.005+0800][gc,heap     ] GC(15) Eden regions: 53->0(268)
[2026-09-04T03:20:02.005+0800][gc,heap     ] GC(15) Survivor regions: 6->5(8)
[2026-09-04T03:20:02.005+0800][gc,heap     ] GC(15) Old regions: 27->27
[2026-09-04T03:20:02.005+0800][gc,heap     ] GC(15) Humongous regions: 149->149
[2026-09-04T03:20:02.005+0800][gc,metaspace] GC(15) Metaspace: 49656K(50752K)->49656K(50752K) NonClass: 43948K(44544K)->43948K(44544K) Class: 5707K(6208K)->5707K(6208K)
[2026-09-04T03:20:02.005+0800][gc          ] GC(15) Pause Young (Normal) (G1 Evacuation Pause) 233M->180M(1024M) 4.457ms
[2026-09-04T03:20:02.005+0800][gc,cpu      ] GC(15) User=0.01s Sys=0.00s Real=0.00s
[2026-09-04T09:26:31.716+0800][gc,start    ] GC(16) Pause Young (Normal) (G1 Evacuation Pause)
[2026-09-04T09:26:31.717+0800][gc,task     ] GC(16) Using 9 workers of 9 for evacuation
[2026-09-04T09:26:31.725+0800][gc,phases   ] GC(16)   Pre Evacuate Collection Set: 0.4ms
[2026-09-04T09:26:31.725+0800][gc,phases   ] GC(16)   Merge Heap Roots: 0.1ms
[2026-09-04T09:26:31.725+0800][gc,phases   ] GC(16)   Evacuate Collection Set: 7.3ms
[2026-09-04T09:26:31.725+0800][gc,phases   ] GC(16)   Post Evacuate Collection Set: 0.6ms
[2026-09-04T09:26:31.725+0800][gc,phases   ] GC(16)   Other: 0.2ms
[2026-09-04T09:26:31.725+0800][gc,heap     ] GC(16) Eden regions: 266->0(500)
[2026-09-04T09:26:31.725+0800][gc,heap     ] GC(16) Survivor regions: 5->6(34)
[2026-09-04T09:26:31.725+0800][gc,heap     ] GC(16) Old regions: 27->27
[2026-09-04T09:26:31.725+0800][gc,heap     ] GC(16) Humongous regions: 149->149
[2026-09-04T09:26:31.725+0800][gc,metaspace] GC(16) Metaspace: 49808K(51008K)->49808K(51008K) NonClass: 44091K(44736K)->44091K(44736K) Class: 5716K(6272K)->5716K(6272K)
[2026-09-04T09:26:31.725+0800][gc          ] GC(16) Pause Young (Normal) (G1 Evacuation Pause) 446M->181M(1024M) 9.051ms
[2026-09-04T09:26:31.725+0800][gc,cpu      ] GC(16) User=0.03s Sys=0.01s Real=0.01s
[2026-09-04T10:21:44.024+0800][gc,start    ] GC(17) Pause Young (Normal) (G1 Evacuation Pause)
[2026-09-04T10:21:44.024+0800][gc,task     ] GC(17) Using 9 workers of 9 for evacuation
[2026-09-04T10:21:44.031+0800][gc,phases   ] GC(17)   Pre Evacuate Collection Set: 0.9ms
[2026-09-04T10:21:44.031+0800][gc,phases   ] GC(17)   Merge Heap Roots: 0.2ms
[2026-09-04T10:21:44.031+0800][gc,phases   ] GC(17)   Evacuate Collection Set: 5.2ms
[2026-09-04T10:21:44.031+0800][gc,phases   ] GC(17)   Post Evacuate Collection Set: 0.6ms
[2026-09-04T10:21:44.031+0800][gc,phases   ] GC(17)   Other: 0.3ms
[2026-09-04T10:21:44.031+0800][gc,heap     ] GC(17) Eden regions: 484->0(608)
[2026-09-04T10:21:44.031+0800][gc,heap     ] GC(17) Survivor regions: 6->6(62)
[2026-09-04T10:21:44.031+0800][gc,heap     ] GC(17) Old regions: 27->27
[2026-09-04T10:21:44.031+0800][gc,heap     ] GC(17) Humongous regions: 149->149
[2026-09-04T10:21:44.032+0800][gc,metaspace] GC(17) Metaspace: 49914K(51136K)->49914K(51136K) NonClass: 44195K(44864K)->44195K(44864K) Class: 5719K(6272K)->5719K(6272K)
[2026-09-04T10:21:44.032+0800][gc          ] GC(17) Pause Young (Normal) (G1 Evacuation Pause) 665M->181M(1024M) 7.968ms
[2026-09-04T10:21:44.032+0800][gc,cpu      ] GC(17) User=0.04s Sys=0.00s Real=0.01s
[2026-09-04T11:34:39.759+0800][gc,start    ] GC(18) Pause Young (Normal) (G1 Evacuation Pause)
[2026-09-04T11:34:39.759+0800][gc,task     ] GC(18) Using 9 workers of 9 for evacuation
[2026-09-04T11:34:39.766+0800][gc,phases   ] GC(18)   Pre Evacuate Collection Set: 0.6ms
[2026-09-04T11:34:39.766+0800][gc,phases   ] GC(18)   Merge Heap Roots: 0.3ms
[2026-09-04T11:34:39.766+0800][gc,phases   ] GC(18)   Evacuate Collection Set: 5.5ms
[2026-09-04T11:34:39.766+0800][gc,phases   ] GC(18)   Post Evacuate Collection Set: 0.4ms
[2026-09-04T11:34:39.766+0800][gc,phases   ] GC(18)   Other: 0.3ms
[2026-09-04T11:34:39.766+0800][gc,heap     ] GC(18) Eden regions: 608->0(608)
[2026-09-04T11:34:39.766+0800][gc,heap     ] GC(18) Survivor regions: 6->6(77)
[2026-09-04T11:34:39.766+0800][gc,heap     ] GC(18) Old regions: 27->27
[2026-09-04T11:34:39.766+0800][gc,heap     ] GC(18) Humongous regions: 149->149
[2026-09-04T11:34:39.766+0800][gc,metaspace] GC(18) Metaspace: 49962K(51136K)->49962K(51136K) NonClass: 44243K(44864K)->44243K(44864K) Class: 5719K(6272K)->5719K(6272K)
[2026-09-04T11:34:39.766+0800][gc          ] GC(18) Pause Young (Normal) (G1 Evacuation Pause) 789M->181M(1024M) 7.471ms
[2026-09-04T11:34:39.766+0800][gc,cpu      ] GC(18) User=0.02s Sys=0.00s Real=0.01s
[2026-09-04T12:43:45.475+0800][gc,start    ] GC(19) Pause Young (Normal) (G1 Evacuation Pause)
[2026-09-04T12:43:45.475+0800][gc,task     ] GC(19) Using 9 workers of 9 for evacuation
[2026-09-04T12:43:45.484+0800][gc,phases   ] GC(19)   Pre Evacuate Collection Set: 0.4ms
[2026-09-04T12:43:45.484+0800][gc,phases   ] GC(19)   Merge Heap Roots: 0.2ms
[2026-09-04T12:43:45.484+0800][gc,phases   ] GC(19)   Evacuate Collection Set: 7.5ms
[2026-09-04T12:43:45.484+0800][gc,phases   ] GC(19)   Post Evacuate Collection Set: 0.7ms
[2026-09-04T12:43:45.484+0800][gc,phases   ] GC(19)   Other: 0.3ms
[2026-09-04T12:43:45.484+0800][gc,heap     ] GC(19) Eden regions: 608->0(607)
[2026-09-04T12:43:45.484+0800][gc,heap     ] GC(19) Survivor regions: 6->7(77)
[2026-09-04T12:43:45.484+0800][gc,heap     ] GC(19) Old regions: 27->27
[2026-09-04T12:43:45.484+0800][gc,heap     ] GC(19) Humongous regions: 149->149
[2026-09-04T12:43:45.484+0800][gc,metaspace] GC(19) Metaspace: 49998K(51200K)->49998K(51200K) NonClass: 44279K(44928K)->44279K(44928K) Class: 5719K(6272K)->5719K(6272K)
[2026-09-04T12:43:45.484+0800][gc          ] GC(19) Pause Young (Normal) (G1 Evacuation Pause) 789M->182M(1024M) 9.659ms
[2026-09-04T12:43:45.484+0800][gc,cpu      ] GC(19) User=0.04s Sys=0.00s Real=0.01s
[2026-09-04T13:52:44.160+0800][gc,start    ] GC(20) Pause Young (Normal) (G1 Evacuation Pause)
[2026-09-04T13:52:44.160+0800][gc,task     ] GC(20) Using 9 workers of 9 for evacuation
[2026-09-04T13:52:44.169+0800][gc,phases   ] GC(20)   Pre Evacuate Collection Set: 0.8ms
[2026-09-04T13:52:44.170+0800][gc,phases   ] GC(20)   Merge Heap Roots: 0.3ms
[2026-09-04T13:52:44.170+0800][gc,phases   ] GC(20)   Evacuate Collection Set: 7.4ms
[2026-09-04T13:52:44.170+0800][gc,phases   ] GC(20)   Post Evacuate Collection Set: 0.7ms
[2026-09-04T13:52:44.170+0800][gc,phases   ] GC(20)   Other: 0.2ms
[2026-09-04T13:52:44.170+0800][gc,heap     ] GC(20) Eden regions: 607->0(607)
[2026-09-04T13:52:44.170+0800][gc,heap     ] GC(20) Survivor regions: 7->7(77)
[2026-09-04T13:52:44.170+0800][gc,heap     ] GC(20) Old regions: 27->27
[2026-09-04T13:52:44.170+0800][gc,heap     ] GC(20) Humongous regions: 149->149
[2026-09-04T13:52:44.170+0800][gc,metaspace] GC(20) Metaspace: 50029K(51264K)->50029K(51264K) NonClass: 44310K(44992K)->44310K(44992K) Class: 5719K(6272K)->5719K(6272K)
[2026-09-04T13:52:44.170+0800][gc          ] GC(20) Pause Young (Normal) (G1 Evacuation Pause) 789M->182M(1024M) 10.025ms
[2026-09-04T13:52:44.170+0800][gc,cpu      ] GC(20) User=0.04s Sys=0.00s Real=0.01s
[2026-09-04T15:01:28.056+0800][gc,start    ] GC(21) Pause Young (Normal) (G1 Evacuation Pause)
[2026-09-04T15:01:28.057+0800][gc,task     ] GC(21) Using 9 workers of 9 for evacuation
[2026-09-04T15:01:28.069+0800][gc,phases   ] GC(21)   Pre Evacuate Collection Set: 2.7ms
[2026-09-04T15:01:28.069+0800][gc,phases   ] GC(21)   Merge Heap Roots: 0.5ms
[2026-09-04T15:01:28.069+0800][gc,phases   ] GC(21)   Evacuate Collection Set: 8.3ms
[2026-09-04T15:01:28.069+0800][gc,phases   ] GC(21)   Post Evacuate Collection Set: 0.6ms
[2026-09-04T15:01:28.069+0800][gc,phases   ] GC(21)   Other: 0.2ms
[2026-09-04T15:01:28.069+0800][gc,heap     ] GC(21) Eden regions: 607->0(606)
[2026-09-04T15:01:28.069+0800][gc,heap     ] GC(21) Survivor regions: 7->8(77)
[2026-09-04T15:01:28.069+0800][gc,heap     ] GC(21) Old regions: 27->27
[2026-09-04T15:01:28.069+0800][gc,heap     ] GC(21) Humongous regions: 149->149
[2026-09-04T15:01:28.069+0800][gc,metaspace] GC(21) Metaspace: 50062K(51264K)->50062K(51264K) NonClass: 44342K(44992K)->44342K(44992K) Class: 5720K(6272K)->5720K(6272K)
[2026-09-04T15:01:28.069+0800][gc          ] GC(21) Pause Young (Normal) (G1 Evacuation Pause) 789M->183M(1024M) 13.098ms
[2026-09-04T15:01:28.069+0800][gc,cpu      ] GC(21) User=0.05s Sys=0.00s Real=0.01s
[2026-09-04T16:10:04.030+0800][gc,start    ] GC(22) Pause Young (Normal) (G1 Evacuation Pause)
[2026-09-04T16:10:04.030+0800][gc,task     ] GC(22) Using 9 workers of 9 for evacuation
[2026-09-04T16:10:04.039+0800][gc,phases   ] GC(22)   Pre Evacuate Collection Set: 1.4ms
[2026-09-04T16:10:04.039+0800][gc,phases   ] GC(22)   Merge Heap Roots: 0.4ms
[2026-09-04T16:10:04.039+0800][gc,phases   ] GC(22)   Evacuate Collection Set: 7.1ms
[2026-09-04T16:10:04.039+0800][gc,phases   ] GC(22)   Post Evacuate Collection Set: 0.6ms
[2026-09-04T16:10:04.039+0800][gc,phases   ] GC(22)   Other: 0.2ms
[2026-09-04T16:10:04.039+0800][gc,heap     ] GC(22) Eden regions: 606->0(606)
[2026-09-04T16:10:04.039+0800][gc,heap     ] GC(22) Survivor regions: 8->8(77)
[2026-09-04T16:10:04.039+0800][gc,heap     ] GC(22) Old regions: 27->27
[2026-09-04T16:10:04.040+0800][gc,heap     ] GC(22) Humongous regions: 149->149
[2026-09-04T16:10:04.040+0800][gc,metaspace] GC(22) Metaspace: 50084K(51328K)->50084K(51328K) NonClass: 44364K(45056K)->44364K(45056K) Class: 5720K(6272K)->5720K(6272K)
[2026-09-04T16:10:04.040+0800][gc          ] GC(22) Pause Young (Normal) (G1 Evacuation Pause) 789M->183M(1024M) 9.985ms
[2026-09-04T16:10:04.040+0800][gc,cpu      ] GC(22) User=0.02s Sys=0.00s Real=0.01s
[2026-09-04T17:18:38.979+0800][gc,start    ] GC(23) Pause Young (Normal) (G1 Evacuation Pause)
[2026-09-04T17:18:38.979+0800][gc,task     ] GC(23) Using 9 workers of 9 for evacuation
[2026-09-04T17:18:38.983+0800][gc,phases   ] GC(23)   Pre Evacuate Collection Set: 0.5ms
[2026-09-04T17:18:38.983+0800][gc,phases   ] GC(23)   Merge Heap Roots: 0.1ms
[2026-09-04T17:18:38.983+0800][gc,phases   ] GC(23)   Evacuate Collection Set: 2.6ms
[2026-09-04T17:18:38.983+0800][gc,phases   ] GC(23)   Post Evacuate Collection Set: 0.4ms
[2026-09-04T17:18:38.983+0800][gc,phases   ] GC(23)   Other: 0.1ms
[2026-09-04T17:18:38.983+0800][gc,heap     ] GC(23) Eden regions: 606->0(607)
[2026-09-04T17:18:38.983+0800][gc,heap     ] GC(23) Survivor regions: 8->7(77)
[2026-09-04T17:18:38.983+0800][gc,heap     ] GC(23) Old regions: 27->27
[2026-09-04T17:18:38.983+0800][gc,heap     ] GC(23) Humongous regions: 149->149
[2026-09-04T17:18:38.983+0800][gc,metaspace] GC(23) Metaspace: 50106K(51328K)->50106K(51328K) NonClass: 44386K(45056K)->44386K(45056K) Class: 5720K(6272K)->5720K(6272K)
[2026-09-04T17:18:38.983+0800][gc          ] GC(23) Pause Young (Normal) (G1 Evacuation Pause) 789M->182M(1024M) 4.008ms
[2026-09-04T17:18:38.983+0800][gc,cpu      ] GC(23) User=0.02s Sys=0.00s Real=0.01s
[2026-09-05T11:14:21.323+0800][gc,start    ] GC(24) Pause Young (Normal) (G1 Evacuation Pause)
[2026-09-05T11:14:21.323+0800][gc,task     ] GC(24) Using 9 workers of 9 for evacuation
[2026-09-05T11:14:21.329+0800][gc,phases   ] GC(24)   Pre Evacuate Collection Set: 0.4ms
[2026-09-05T11:14:21.329+0800][gc,phases   ] GC(24)   Merge Heap Roots: 0.2ms
[2026-09-05T11:14:21.329+0800][gc,phases   ] GC(24)   Evacuate Collection Set: 5.2ms
[2026-09-05T11:14:21.329+0800][gc,phases   ] GC(24)   Post Evacuate Collection Set: 0.4ms
[2026-09-05T11:14:21.329+0800][gc,phases   ] GC(24)   Other: 0.1ms
[2026-09-05T11:14:21.329+0800][gc,heap     ] GC(24) Eden regions: 607->0(607)
[2026-09-05T11:14:21.329+0800][gc,heap     ] GC(24) Survivor regions: 7->7(77)
[2026-09-05T11:14:21.329+0800][gc,heap     ] GC(24) Old regions: 27->27
[2026-09-05T11:14:21.329+0800][gc,heap     ] GC(24) Humongous regions: 149->149
[2026-09-05T11:14:21.329+0800][gc,metaspace] GC(24) Metaspace: 50167K(51392K)->50167K(51392K) NonClass: 44447K(45120K)->44447K(45120K) Class: 5720K(6272K)->5720K(6272K)
[2026-09-05T11:14:21.329+0800][gc          ] GC(24) Pause Young (Normal) (G1 Evacuation Pause) 789M->182M(1024M) 6.590ms
[2026-09-05T11:14:21.329+0800][gc,cpu      ] GC(24) User=0.02s Sys=0.00s Real=0.00s
[2026-09-05T12:22:55.353+0800][gc,start    ] GC(25) Pause Young (Normal) (G1 Evacuation Pause)
[2026-09-05T12:22:55.354+0800][gc,task     ] GC(25) Using 9 workers of 9 for evacuation
[2026-09-05T12:22:55.366+0800][gc,phases   ] GC(25)   Pre Evacuate Collection Set: 1.2ms
[2026-09-05T12:22:55.366+0800][gc,phases   ] GC(25)   Merge Heap Roots: 0.3ms
[2026-09-05T12:22:55.366+0800][gc,phases   ] GC(25)   Evacuate Collection Set: 9.4ms
[2026-09-05T12:22:55.366+0800][gc,phases   ] GC(25)   Post Evacuate Collection Set: 0.8ms
[2026-09-05T12:22:55.366+0800][gc,phases   ] GC(25)   Other: 0.2ms
[2026-09-05T12:22:55.366+0800][gc,heap     ] GC(25) Eden regions: 607->0(607)
[2026-09-05T12:22:55.366+0800][gc,heap     ] GC(25) Survivor regions: 7->7(77)
[2026-09-05T12:22:55.366+0800][gc,heap     ] GC(25) Old regions: 27->27
[2026-09-05T12:22:55.366+0800][gc,heap     ] GC(25) Humongous regions: 149->149
[2026-09-05T12:22:55.366+0800][gc,metaspace] GC(25) Metaspace: 50223K(51392K)->50223K(51392K) NonClass: 44494K(45120K)->44494K(45120K) Class: 5729K(6272K)->5729K(6272K)
[2026-09-05T12:22:55.366+0800][gc          ] GC(25) Pause Young (Normal) (G1 Evacuation Pause) 789M->182M(1024M) 12.804ms
[2026-09-05T12:22:55.366+0800][gc,cpu      ] GC(25) User=0.05s Sys=0.00s Real=0.01s
[2026-09-06T14:34:26.821+0800][gc,start    ] GC(26) Pause Young (Normal) (G1 Evacuation Pause)
[2026-09-06T14:34:26.821+0800][gc,task     ] GC(26) Using 9 workers of 9 for evacuation
[2026-09-06T14:34:26.827+0800][gc,phases   ] GC(26)   Pre Evacuate Collection Set: 0.6ms
[2026-09-06T14:34:26.827+0800][gc,phases   ] GC(26)   Merge Heap Roots: 0.3ms
[2026-09-06T14:34:26.827+0800][gc,phases   ] GC(26)   Evacuate Collection Set: 4.7ms
[2026-09-06T14:34:26.827+0800][gc,phases   ] GC(26)   Post Evacuate Collection Set: 0.5ms
[2026-09-06T14:34:26.827+0800][gc,phases   ] GC(26)   Other: 0.2ms
[2026-09-06T14:34:26.827+0800][gc,heap     ] GC(26) Eden regions: 607->0(607)
[2026-09-06T14:34:26.827+0800][gc,heap     ] GC(26) Survivor regions: 7->7(77)
[2026-09-06T14:34:26.827+0800][gc,heap     ] GC(26) Old regions: 27->27
[2026-09-06T14:34:26.827+0800][gc,heap     ] GC(26) Humongous regions: 149->149
[2026-09-06T14:34:26.827+0800][gc,metaspace] GC(26) Metaspace: 50343K(51584K)->50343K(51584K) NonClass: 44613K(45312K)->44613K(45312K) Class: 5729K(6272K)->5729K(6272K)
[2026-09-06T14:34:26.827+0800][gc          ] GC(26) Pause Young (Normal) (G1 Evacuation Pause) 789M->182M(1024M) 6.785ms
[2026-09-06T14:34:26.827+0800][gc,cpu      ] GC(26) User=0.03s Sys=0.00s Real=0.00s
[2026-09-06T15:42:34.543+0800][gc,start    ] GC(27) Pause Young (Normal) (G1 Evacuation Pause)
[2026-09-06T15:42:34.544+0800][gc,task     ] GC(27) Using 9 workers of 9 for evacuation
[2026-09-06T15:42:34.556+0800][gc,phases   ] GC(27)   Pre Evacuate Collection Set: 1.1ms
[2026-09-06T15:42:34.556+0800][gc,phases   ] GC(27)   Merge Heap Roots: 0.3ms
[2026-09-06T15:42:34.556+0800][gc,phases   ] GC(27)   Evacuate Collection Set: 9.5ms
[2026-09-06T15:42:34.556+0800][gc,phases   ] GC(27)   Post Evacuate Collection Set: 0.9ms
[2026-09-06T15:42:34.556+0800][gc,phases   ] GC(27)   Other: 0.3ms
[2026-09-06T15:42:34.556+0800][gc,heap     ] GC(27) Eden regions: 607->0(607)
[2026-09-06T15:42:34.556+0800][gc,heap     ] GC(27) Survivor regions: 7->7(77)
[2026-09-06T15:42:34.556+0800][gc,heap     ] GC(27) Old regions: 27->27
[2026-09-06T15:42:34.556+0800][gc,heap     ] GC(27) Humongous regions: 149->149
[2026-09-06T15:42:34.556+0800][gc,metaspace] GC(27) Metaspace: 50432K(51648K)->50432K(51648K) NonClass: 44701K(45376K)->44701K(45376K) Class: 5730K(6272K)->5730K(6272K)
[2026-09-06T15:42:34.556+0800][gc          ] GC(27) Pause Young (Normal) (G1 Evacuation Pause) 789M->182M(1024M) 13.002ms
[2026-09-06T15:42:34.556+0800][gc,cpu      ] GC(27) User=0.05s Sys=0.00s Real=0.01s
[2026-09-06T16:49:46.350+0800][gc,start    ] GC(28) Pause Young (Normal) (G1 Evacuation Pause)
[2026-09-06T16:49:46.350+0800][gc,task     ] GC(28) Using 9 workers of 9 for evacuation
[2026-09-06T16:49:46.362+0800][gc,phases   ] GC(28)   Pre Evacuate Collection Set: 1.1ms
[2026-09-06T16:49:46.362+0800][gc,phases   ] GC(28)   Merge Heap Roots: 0.5ms
[2026-09-06T16:49:46.362+0800][gc,phases   ] GC(28)   Evacuate Collection Set: 9.3ms
[2026-09-06T16:49:46.362+0800][gc,phases   ] GC(28)   Post Evacuate Collection Set: 0.6ms
[2026-09-06T16:49:46.362+0800][gc,phases   ] GC(28)   Other: 0.2ms
[2026-09-06T16:49:46.362+0800][gc,heap     ] GC(28) Eden regions: 607->0(609)
[2026-09-06T16:49:46.362+0800][gc,heap     ] GC(28) Survivor regions: 7->5(77)
[2026-09-06T16:49:46.362+0800][gc,heap     ] GC(28) Old regions: 27->30
[2026-09-06T16:49:46.362+0800][gc,heap     ] GC(28) Humongous regions: 149->149
[2026-09-06T16:49:46.362+0800][gc,metaspace] GC(28) Metaspace: 50584K(51776K)->50584K(51776K) NonClass: 44851K(45504K)->44851K(45504K) Class: 5733K(6272K)->5733K(6272K)
[2026-09-06T16:49:46.362+0800][gc          ] GC(28) Pause Young (Normal) (G1 Evacuation Pause) 789M->182M(1024M) 12.045ms
[2026-09-06T16:49:46.362+0800][gc,cpu      ] GC(28) User=0.03s Sys=0.00s Real=0.01s
[2026-09-06T18:02:51.952+0800][gc,start    ] GC(29) Pause Young (Normal) (G1 Evacuation Pause)
[2026-09-06T18:02:51.952+0800][gc,task     ] GC(29) Using 9 workers of 9 for evacuation
[2026-09-06T18:02:51.962+0800][gc,phases   ] GC(29)   Pre Evacuate Collection Set: 1.0ms
[2026-09-06T18:02:51.963+0800][gc,phases   ] GC(29)   Merge Heap Roots: 0.5ms
[2026-09-06T18:02:51.963+0800][gc,phases   ] GC(29)   Evacuate Collection Set: 7.8ms
[2026-09-06T18:02:51.963+0800][gc,phases   ] GC(29)   Post Evacuate Collection Set: 0.7ms
[2026-09-06T18:02:51.963+0800][gc,phases   ] GC(29)   Other: 0.3ms
[2026-09-06T18:02:51.963+0800][gc,heap     ] GC(29) Eden regions: 609->0(609)
[2026-09-06T18:02:51.963+0800][gc,heap     ] GC(29) Survivor regions: 5->5(77)
[2026-09-06T18:02:51.963+0800][gc,heap     ] GC(29) Old regions: 30->30
[2026-09-06T18:02:51.963+0800][gc,heap     ] GC(29) Humongous regions: 149->149
[2026-09-06T18:02:51.963+0800][gc,metaspace] GC(29) Metaspace: 50610K(51776K)->50610K(51776K) NonClass: 44876K(45504K)->44876K(45504K) Class: 5733K(6272K)->5733K(6272K)
[2026-09-06T18:02:51.963+0800][gc          ] GC(29) Pause Young (Normal) (G1 Evacuation Pause) 791M->182M(1024M) 11.223ms
[2026-09-06T18:02:51.963+0800][gc,cpu      ] GC(29) User=0.05s Sys=0.00s Real=0.01s
[2026-09-06T19:26:44.388+0800][gc,start    ] GC(30) Pause Young (Normal) (G1 Evacuation Pause)
[2026-09-06T19:26:44.388+0800][gc,task     ] GC(30) Using 9 workers of 9 for evacuation
[2026-09-06T19:26:44.394+0800][gc,phases   ] GC(30)   Pre Evacuate Collection Set: 0.8ms
[2026-09-06T19:26:44.394+0800][gc,phases   ] GC(30)   Merge Heap Roots: 0.4ms
[2026-09-06T19:26:44.394+0800][gc,phases   ] GC(30)   Evacuate Collection Set: 4.2ms
[2026-09-06T19:26:44.394+0800][gc,phases   ] GC(30)   Post Evacuate Collection Set: 0.4ms
[2026-09-06T19:26:44.394+0800][gc,phases   ] GC(30)   Other: 0.2ms
[2026-09-06T19:26:44.394+0800][gc,heap     ] GC(30) Eden regions: 609->0(609)
[2026-09-06T19:26:44.394+0800][gc,heap     ] GC(30) Survivor regions: 5->5(77)
[2026-09-06T19:26:44.394+0800][gc,heap     ] GC(30) Old regions: 30->30
[2026-09-06T19:26:44.394+0800][gc,heap     ] GC(30) Humongous regions: 149->149
[2026-09-06T19:26:44.394+0800][gc,metaspace] GC(30) Metaspace: 50614K(51776K)->50614K(51776K) NonClass: 44881K(45504K)->44881K(45504K) Class: 5733K(6272K)->5733K(6272K)
[2026-09-06T19:26:44.394+0800][gc          ] GC(30) Pause Young (Normal) (G1 Evacuation Pause) 791M->182M(1024M) 6.548ms
[2026-09-06T19:26:44.394+0800][gc,cpu      ] GC(30) User=0.02s Sys=0.00s Real=0.01s
[2026-09-07T09:18:46.322+0800][gc,start    ] GC(31) Pause Young (Normal) (G1 Evacuation Pause)
[2026-09-07T09:18:46.322+0800][gc,task     ] GC(31) Using 9 workers of 9 for evacuation
[2026-09-07T09:18:46.330+0800][gc,phases   ] GC(31)   Pre Evacuate Collection Set: 0.4ms
[2026-09-07T09:18:46.330+0800][gc,phases   ] GC(31)   Merge Heap Roots: 0.3ms
[2026-09-07T09:18:46.330+0800][gc,phases   ] GC(31)   Evacuate Collection Set: 6.1ms
[2026-09-07T09:18:46.330+0800][gc,phases   ] GC(31)   Post Evacuate Collection Set: 0.5ms
[2026-09-07T09:18:46.330+0800][gc,phases   ] GC(31)   Other: 0.1ms
[2026-09-07T09:18:46.330+0800][gc,heap     ] GC(31) Eden regions: 609->0(610)
[2026-09-07T09:18:46.330+0800][gc,heap     ] GC(31) Survivor regions: 5->4(77)
[2026-09-07T09:18:46.330+0800][gc,heap     ] GC(31) Old regions: 30->30
[2026-09-07T09:18:46.330+0800][gc,heap     ] GC(31) Humongous regions: 149->149
[2026-09-07T09:18:46.330+0800][gc,metaspace] GC(31) Metaspace: 50679K(51904K)->50679K(51904K) NonClass: 44946K(45632K)->44946K(45632K) Class: 5733K(6272K)->5733K(6272K)
[2026-09-07T09:18:46.330+0800][gc          ] GC(31) Pause Young (Normal) (G1 Evacuation Pause) 791M->182M(1024M) 7.845ms
[2026-09-07T09:18:46.330+0800][gc,cpu      ] GC(31) User=0.03s Sys=0.00s Real=0.01s
[2026-09-07T10:27:24.697+0800][gc,start    ] GC(32) Pause Young (Normal) (G1 Evacuation Pause)
[2026-09-07T10:27:24.698+0800][gc,task     ] GC(32) Using 9 workers of 9 for evacuation
[2026-09-07T10:27:24.707+0800][gc,phases   ] GC(32)   Pre Evacuate Collection Set: 1.5ms
[2026-09-07T10:27:24.707+0800][gc,phases   ] GC(32)   Merge Heap Roots: 0.4ms
[2026-09-07T10:27:24.707+0800][gc,phases   ] GC(32)   Evacuate Collection Set: 6.9ms
[2026-09-07T10:27:24.707+0800][gc,phases   ] GC(32)   Post Evacuate Collection Set: 0.7ms
[2026-09-07T10:27:24.707+0800][gc,phases   ] GC(32)   Other: 0.2ms
[2026-09-07T10:27:24.707+0800][gc,heap     ] GC(32) Eden regions: 610->0(610)
[2026-09-07T10:27:24.707+0800][gc,heap     ] GC(32) Survivor regions: 4->4(77)
[2026-09-07T10:27:24.707+0800][gc,heap     ] GC(32) Old regions: 30->31
[2026-09-07T10:27:24.708+0800][gc,heap     ] GC(32) Humongous regions: 149->149
[2026-09-07T10:27:24.708+0800][gc,metaspace] GC(32) Metaspace: 50701K(51904K)->50701K(51904K) NonClass: 44968K(45632K)->44968K(45632K) Class: 5733K(6272K)->5733K(6272K)
[2026-09-07T10:27:24.708+0800][gc          ] GC(32) Pause Young (Normal) (G1 Evacuation Pause) 792M->182M(1024M) 10.441ms
[2026-09-07T10:27:24.708+0800][gc,cpu      ] GC(32) User=0.03s Sys=0.00s Real=0.01s
[2026-09-07T11:00:28.319+0800][gc,heap,exit] Heap
[2026-09-07T11:00:28.319+0800][gc,heap,exit]  garbage-first heap   total 1048576K, used 518449K [0x00000007c0000000, 0x0000000800000000)
[2026-09-07T11:00:28.319+0800][gc,heap,exit]   region size 1024K, 319 young (326656K), 4 survivors (4096K)
[2026-09-07T11:00:28.319+0800][gc,heap,exit]  Metaspace       used 51936K, committed 53120K, reserved 1114112K
[2026-09-07T11:00:28.319+0800][gc,heap,exit]   class space    used 5977K, committed 6528K, reserved 1048576K
